[bringup 22:34:23] starting Gazebo server (world=forest, headless)
[bringup 22:34:23]   server config: /opt/PX4-Autopilot/src/modules/simulation/gz_bridge/server.config
[bringup 22:34:28] ok: gz world 'forest' is up
[bringup 22:34:28] starting PX4 SITL (instance 1, model gz_x500_depth)
[bringup 22:34:32] ok: model x500_depth_1 spawned
[bringup 22:34:34] ok: camera sensor topics present
[bringup 22:34:34] starting MicroXRCEAgent on udp4:8888
[bringup 22:34:36] starting ros_gz_bridge with /root/ws_offboard_control/install/multi_slam/share/multi_slam/config/gz_bridge.yaml
[bringup 22:34:38] ok: /clock is publishing
[bringup 22:34:41] ok: uav_1 RGB images flowing
[bringup 22:34:42] ok: uav_1 depth images flowing
[bringup 22:34:42] starting static frames for uav_1
[bringup 22:34:45] starting ORB-SLAM3 RGB-D for uav_1 (loads the ORB vocabulary; this takes ~30-60 s)
[INFO] [launch]: All log files can be found below /root/.ros/log/2026-10-02-22-34-45-244222-sim-853
[INFO] [launch]: Default logging verbosity is set to INFO
[INFO] [rgbd-1]: process started with pid [861]
[rgbd-1] /root/ws_offboard_control/install/orb_slam3_ros2_wrapper/lib/orb_slam3_ros2_wrapper/rgbd: error while loading shared libraries: liborb_slam3_ros2_wrapper_common.so: cannot open shared object file: No such file or directory
[ERROR] [rgbd-1]: process has died [pid 861, exit code 127, cmd '/root/ws_offboard_control/install/orb_slam3_ros2_wrapper/lib/orb_slam3_ros2_wrapper/rgbd /root/ws_offboard_control/src/ORB_SLAM3/Vocabulary/ORBvoc.txt /root/ws_offboard_control/install/orb_slam3_ros2_wrapper/share/orb_slam3_ros2_wrapper/params/orb_slam3_params/gazebo_rgbd.yaml --ros-args -r __ns:=/uav_1 --params-file /tmp/tmprz0aq8ej'].
[bringup] FAILED: ORB-SLAM3 node never appeared
EXIT=1
